\BOOKMARK [0][-]{CHAPTER.CHAPTER.1}{\376\377\0001\000\040\000R\000e\000l\000a\000t\000\363\000r\000i\000o\000\040\000d\000o\000\040\000E\000x\000p\000e\000r\000i\000m\000e\000n\000t\000o}{}% 1
\BOOKMARK [1][-]{section.CHAPTER.1.1}{\376\377\0001\000.\0001\000\040\000I\000n\000t\000r\000o\000d\000u\000\347\000\343\000o}{CHAPTER.CHAPTER.1}% 2
\BOOKMARK [1][-]{section.CHAPTER.1.2}{\376\377\0001\000.\0002\000\040\000I\000n\000s\000t\000\342\000n\000c\000i\000a\000s\000\040\000d\000e\000\040\000T\000e\000s\000t\000e\000\040\000e\000\040\000P\000l\000a\000n\000o\000\040\000d\000e\000\040\000E\000x\000p\000e\000r\000i\000m\000e\000n\000t\000o\000s}{CHAPTER.CHAPTER.1}% 3
\BOOKMARK [2][-]{subsection.CHAPTER.1.2.1}{\376\377\0001\000.\0002\000.\0001\000\040\000E\000s\000t\000r\000u\000t\000u\000r\000a\000\040\000G\000e\000r\000a\000l\000\040\000d\000o\000s\000\040\000G\000r\000a\000f\000o\000s\000\040\000G\000e\000r\000a\000d\000o\000s}{section.CHAPTER.1.2}% 4
\BOOKMARK [2][-]{subsection.CHAPTER.1.2.2}{\376\377\0001\000.\0002\000.\0002\000\040\000F\000a\000m\000\355\000l\000i\000a\000s\000\040\000d\000e\000\040\000G\000r\000a\000f\000o\000s}{section.CHAPTER.1.2}% 5
\BOOKMARK [2][-]{subsection.CHAPTER.1.2.3}{\376\377\0001\000.\0002\000.\0003\000\040\000E\000x\000p\000e\000r\000i\000m\000e\000n\000t\000o\000\040\000A\000:\000\040\000I\000m\000p\000a\000c\000t\000o\000\040\000d\000a\000\040\000D\000e\000n\000s\000i\000d\000a\000d\000e\000\040\000\050\000n\000\040\000f\000i\000x\000o\000,\000\040\000m\000\040\000c\000r\000e\000s\000c\000e\000n\000t\000e\000\051}{section.CHAPTER.1.2}% 6
\BOOKMARK [2][-]{subsection.CHAPTER.1.2.4}{\376\377\0001\000.\0002\000.\0004\000\040\000E\000x\000p\000e\000r\000i\000m\000e\000n\000t\000o\000\040\000B\000:\000\040\000I\000m\000p\000a\000c\000t\000o\000\040\000d\000a\000\040\000E\000s\000c\000a\000l\000a\000\040\000\050\000D\000e\000n\000s\000i\000d\000a\000d\000e\000\040\000f\000i\000x\000a\000,\000\040\000n\000\040\000c\000r\000e\000s\000c\000e\000n\000t\000e\000\051}{section.CHAPTER.1.2}% 7
\BOOKMARK [2][-]{subsection.CHAPTER.1.2.5}{\376\377\0001\000.\0002\000.\0005\000\040\000M\000\351\000t\000r\000i\000c\000a\000s\000\040\000C\000o\000l\000e\000t\000a\000d\000a\000s\000\040\000e\000\040\000L\000i\000m\000i\000t\000e\000s\000\040\000T\000e\000\363\000r\000i\000c\000o\000s}{section.CHAPTER.1.2}% 8
\BOOKMARK [1][-]{section.CHAPTER.1.3}{\376\377\0001\000.\0003\000\040\000A\000l\000g\000o\000r\000i\000t\000m\000o\000s\000\040\000e\000\040\000A\000n\000\341\000l\000i\000s\000e\000\040\000d\000e\000\040\000C\000o\000m\000p\000l\000e\000x\000i\000d\000a\000d\000e}{CHAPTER.CHAPTER.1}% 9
\BOOKMARK [2][-]{subsection.CHAPTER.1.3.1}{\376\377\0001\000.\0003\000.\0001\000\040\0001\000.\000\040\000F\000o\000r\000d\000-\000F\000u\000l\000k\000e\000r\000s\000o\000n\000\040\000\050\000D\000F\000S\000\051}{section.CHAPTER.1.3}% 10
\BOOKMARK [2][-]{subsection.CHAPTER.1.3.2}{\376\377\0001\000.\0003\000.\0002\000\040\0002\000.\000\040\000R\000a\000n\000d\000o\000m\000i\000z\000e\000d\000\040\000F\000o\000r\000d\000-\000F\000u\000l\000k\000e\000r\000s\000o\000n\000\040\000\050\000R\000D\000F\000S\000\051}{section.CHAPTER.1.3}% 11
\BOOKMARK [2][-]{subsection.CHAPTER.1.3.3}{\376\377\0001\000.\0003\000.\0003\000\040\0003\000.\000\040\000E\000d\000m\000o\000n\000d\000s\000-\000K\000a\000r\000p\000\040\000\050\000B\000F\000S\000\051}{section.CHAPTER.1.3}% 12
\BOOKMARK [2][-]{subsection.CHAPTER.1.3.4}{\376\377\0001\000.\0003\000.\0004\000\040\0004\000.\000\040\000A\000l\000g\000o\000r\000i\000t\000m\000o\000\040\000d\000e\000\040\000D\000i\000n\000i\000t\000z\000\040\000\050\000D\000i\000\051}{section.CHAPTER.1.3}% 13
\BOOKMARK [2][-]{subsection.CHAPTER.1.3.5}{\376\377\0001\000.\0003\000.\0005\000\040\0005\000.\000\040\000E\000s\000c\000a\000l\000o\000n\000a\000m\000e\000n\000t\000o\000\040\000d\000e\000\040\000C\000a\000p\000a\000c\000i\000d\000a\000d\000e\000\040\000\050\000E\000C\000\051}{section.CHAPTER.1.3}% 14
\BOOKMARK [2][-]{subsection.CHAPTER.1.3.6}{\376\377\0001\000.\0003\000.\0006\000\040\0006\000.\000\040\000C\000a\000m\000i\000n\000h\000o\000\040\000M\000a\000i\000s\000\040\000G\000o\000r\000d\000o\000\040\000\050\000F\000P\000\051}{section.CHAPTER.1.3}% 15
\BOOKMARK [1][-]{section.CHAPTER.1.4}{\376\377\0001\000.\0004\000\040\000R\000e\000s\000u\000l\000t\000a\000d\000o\000s\000\040\000E\000x\000p\000e\000r\000i\000m\000e\000n\000t\000a\000i\000s\000\040\000e\000\040\000A\000n\000\341\000l\000i\000s\000e}{CHAPTER.CHAPTER.1}% 16
\BOOKMARK [2][-]{subsection.CHAPTER.1.4.1}{\376\377\0001\000.\0004\000.\0001\000\040\000I\000n\000a\000d\000e\000q\000u\000a\000\347\000\343\000o\000\040\000d\000e\000\040\000F\000a\000s\000e\000s\000\040\000\050\000r\000\040\000=\000\040\000F\000\040\000/\000\040\000F\000\051}{section.CHAPTER.1.4}% 17
\BOOKMARK [2][-]{subsection.CHAPTER.1.4.2}{\376\377\0001\000.\0004\000.\0002\000\040\000D\000e\000f\000e\000i\000t\000o\000\040\000d\000e\000\040\000V\000\351\000r\000t\000i\000c\000e\000s\000\040\000\050\000s\000\051}{section.CHAPTER.1.4}% 18
\BOOKMARK [2][-]{subsection.CHAPTER.1.4.3}{\376\377\0001\000.\0004\000.\0003\000\040\000D\000e\000f\000e\000i\000t\000o\000\040\000d\000e\000\040\000A\000r\000c\000o\000s\000\040\000\050\000t\000\051}{section.CHAPTER.1.4}% 19
\BOOKMARK [2][-]{subsection.CHAPTER.1.4.4}{\376\377\0001\000.\0004\000.\0004\000\040\000T\000e\000m\000p\000o\000\040\000d\000e\000\040\000E\000x\000e\000c\000u\000\347\000\343\000o}{section.CHAPTER.1.4}% 20
\BOOKMARK [2][-]{subsection.CHAPTER.1.4.5}{\376\377\0001\000.\0004\000.\0005\000\040\000S\000\355\000n\000t\000e\000s\000e\000\040\000C\000o\000m\000p\000a\000r\000a\000t\000i\000v\000a}{section.CHAPTER.1.4}% 21
\BOOKMARK [1][-]{section.CHAPTER.1.5}{\376\377\0001\000.\0005\000\040\000C\000o\000n\000c\000l\000u\000s\000\343\000o}{CHAPTER.CHAPTER.1}% 22
\BOOKMARK [0][-]{APPENDIX.APPENDIX.A}{\376\377\000A\000p\000\352\000n\000d\000i\000c\000e\000\040\000A\000\040\040\024\000\040\000T\000a\000b\000e\000l\000a\000s\000\040\000d\000e\000\040\000R\000e\000s\000u\000l\000t\000a\000d\000o\000s\000\040\000N\000u\000m\000\351\000r\000i\000c\000o\000s}{}% 23
\BOOKMARK [1][-]{section.APPENDIX.A.1}{\376\377\000A\000.\0001\000\040\000D\000o\000u\000b\000l\000e\000E\000x\000p\000L\000i\000n\000e\000\040\040\023\000\040\000E\000x\000p\000e\000r\000i\000m\000e\000n\000t\000o\000\040\000A\000\040\000\050\000D\000e\000n\000s\000i\000d\000a\000d\000e\000,\000\040\000n\000\040\000f\000i\000x\000o\000\051}{APPENDIX.APPENDIX.A}% 24
\BOOKMARK [1][-]{section.APPENDIX.A.2}{\376\377\000A\000.\0002\000\040\000D\000o\000u\000b\000l\000e\000E\000x\000p\000L\000i\000n\000e\000\040\040\023\000\040\000E\000x\000p\000e\000r\000i\000m\000e\000n\000t\000o\000\040\000B\000\040\000\050\000E\000s\000c\000a\000l\000a\000,\000\040\000d\000e\000n\000s\000i\000d\000a\000d\000e\000\040\000f\000i\000x\000a\000\051}{APPENDIX.APPENDIX.A}% 25
\BOOKMARK [1][-]{section.APPENDIX.A.3}{\376\377\000A\000.\0003\000\040\000B\000a\000s\000i\000c\000L\000i\000n\000e\000\040\040\023\000\040\000E\000x\000p\000e\000r\000i\000m\000e\000n\000t\000o\000\040\000A\000\040\000\050\000D\000e\000n\000s\000i\000d\000a\000d\000e\000,\000\040\000n\000\040\000f\000i\000x\000o\000\051}{APPENDIX.APPENDIX.A}% 26
\BOOKMARK [1][-]{section.APPENDIX.A.4}{\376\377\000A\000.\0004\000\040\000B\000a\000s\000i\000c\000L\000i\000n\000e\000\040\040\023\000\040\000E\000x\000p\000e\000r\000i\000m\000e\000n\000t\000o\000\040\000B\000\040\000\050\000E\000s\000c\000a\000l\000a\000,\000\040\000d\000e\000n\000s\000i\000d\000a\000d\000e\000\040\000f\000i\000x\000a\000\051}{APPENDIX.APPENDIX.A}% 27
